// Jest Snapshot v1, https://goo.gl/fbAQLP

exports[`update reducer should handle initial state 1`] = `
Object {
  "updateAvailable": false,
  "updateDownloaded": false,
}
`;
