// Jest Snapshot v1, https://goo.gl/fbAQLP

exports[`<Label /> renders Label 1`] = `ShallowWrapper {}`;
